<?xml version="1.0" encoding="UTF-8"?>
<robot generator="Robot 6.0.2 (Python 3.10.6 on linux)" generated="20230117 09:44:23.917" rpa="false" schemaversion="3">
<suite id="s1" name="Data Driven &amp; Keyword Driven">
<suite id="s1-s1" name="Data Driven" source="/home/bhanu/Documents/Hackathon-Project/git-jenkins-xray/data_driven.robot">
<test id="s1-s1-t1" name="Addition" line="17">
<kw name="Calculate">
<arg>12 + 2 + 2</arg>
<arg>16</arg>
<kw name="Push Buttons" library="CalculatorLibrary">
<arg>C${expression}=</arg>
<doc>Pushes the specified ``buttons``.</doc>
<status status="PASS" starttime="20230117 09:44:23.942" endtime="20230117 09:44:23.943"/>
</kw>
<kw name="Result Should Be" library="CalculatorLibrary">
<arg>${expected}</arg>
<doc>Verifies that the current result is ``expected``.</doc>
<status status="PASS" starttime="20230117 09:44:23.943" endtime="20230117 09:44:23.943"/>
</kw>
<status status="PASS" starttime="20230117 09:44:23.942" endtime="20230117 09:44:23.943"/>
</kw>
<kw name="Calculate">
<arg>2 + -3</arg>
<arg>-1</arg>
<kw name="Push Buttons" library="CalculatorLibrary">
<arg>C${expression}=</arg>
<doc>Pushes the specified ``buttons``.</doc>
<status status="PASS" starttime="20230117 09:44:23.943" endtime="20230117 09:44:23.944"/>
</kw>
<kw name="Result Should Be" library="CalculatorLibrary">
<arg>${expected}</arg>
<doc>Verifies that the current result is ``expected``.</doc>
<status status="PASS" starttime="20230117 09:44:23.944" endtime="20230117 09:44:23.944"/>
</kw>
<status status="PASS" starttime="20230117 09:44:23.943" endtime="20230117 09:44:23.944"/>
</kw>
<status status="PASS" starttime="20230117 09:44:23.941" endtime="20230117 09:44:23.944"/>
</test>
<test id="s1-s1-t2" name="Subtraction" line="20">
<kw name="Calculate">
<arg>12 - 2 - 2</arg>
<arg>8</arg>
<kw name="Push Buttons" library="CalculatorLibrary">
<arg>C${expression}=</arg>
<doc>Pushes the specified ``buttons``.</doc>
<status status="PASS" starttime="20230117 09:44:23.945" endtime="20230117 09:44:23.945"/>
</kw>
<kw name="Result Should Be" library="CalculatorLibrary">
<arg>${expected}</arg>
<doc>Verifies that the current result is ``expected``.</doc>
<status status="PASS" starttime="20230117 09:44:23.945" endtime="20230117 09:44:23.946"/>
</kw>
<status status="PASS" starttime="20230117 09:44:23.945" endtime="20230117 09:44:23.946"/>
</kw>
<kw name="Calculate">
<arg>2 - -3</arg>
<arg>5</arg>
<kw name="Push Buttons" library="CalculatorLibrary">
<arg>C${expression}=</arg>
<doc>Pushes the specified ``buttons``.</doc>
<status status="PASS" starttime="20230117 09:44:23.946" endtime="20230117 09:44:23.946"/>
</kw>
<kw name="Result Should Be" library="CalculatorLibrary">
<arg>${expected}</arg>
<doc>Verifies that the current result is ``expected``.</doc>
<status status="PASS" starttime="20230117 09:44:23.946" endtime="20230117 09:44:23.946"/>
</kw>
<status status="PASS" starttime="20230117 09:44:23.946" endtime="20230117 09:44:23.947"/>
</kw>
<status status="PASS" starttime="20230117 09:44:23.944" endtime="20230117 09:44:23.947"/>
</test>
<test id="s1-s1-t3" name="Multiplication" line="23">
<kw name="Calculate">
<arg>12 * 2 * 2</arg>
<arg>48</arg>
<kw name="Push Buttons" library="CalculatorLibrary">
<arg>C${expression}=</arg>
<doc>Pushes the specified ``buttons``.</doc>
<status status="PASS" starttime="20230117 09:44:23.947" endtime="20230117 09:44:23.948"/>
</kw>
<kw name="Result Should Be" library="CalculatorLibrary">
<arg>${expected}</arg>
<doc>Verifies that the current result is ``expected``.</doc>
<status status="PASS" starttime="20230117 09:44:23.948" endtime="20230117 09:44:23.948"/>
</kw>
<status status="PASS" starttime="20230117 09:44:23.947" endtime="20230117 09:44:23.948"/>
</kw>
<kw name="Calculate">
<arg>2 * -3</arg>
<arg>-6</arg>
<kw name="Push Buttons" library="CalculatorLibrary">
<arg>C${expression}=</arg>
<doc>Pushes the specified ``buttons``.</doc>
<status status="PASS" starttime="20230117 09:44:23.948" endtime="20230117 09:44:23.949"/>
</kw>
<kw name="Result Should Be" library="CalculatorLibrary">
<arg>${expected}</arg>
<doc>Verifies that the current result is ``expected``.</doc>
<status status="PASS" starttime="20230117 09:44:23.949" endtime="20230117 09:44:23.949"/>
</kw>
<status status="PASS" starttime="20230117 09:44:23.948" endtime="20230117 09:44:23.949"/>
</kw>
<status status="PASS" starttime="20230117 09:44:23.947" endtime="20230117 09:44:23.949"/>
</test>
<test id="s1-s1-t4" name="Division" line="26">
<kw name="Calculate">
<arg>12 / 2 / 2</arg>
<arg>3</arg>
<kw name="Push Buttons" library="CalculatorLibrary">
<arg>C${expression}=</arg>
<doc>Pushes the specified ``buttons``.</doc>
<status status="PASS" starttime="20230117 09:44:23.950" endtime="20230117 09:44:23.950"/>
</kw>
<kw name="Result Should Be" library="CalculatorLibrary">
<arg>${expected}</arg>
<doc>Verifies that the current result is ``expected``.</doc>
<status status="PASS" starttime="20230117 09:44:23.950" endtime="20230117 09:44:23.951"/>
</kw>
<status status="PASS" starttime="20230117 09:44:23.950" endtime="20230117 09:44:23.951"/>
</kw>
<kw name="Calculate">
<arg>2 / -3</arg>
<arg>-1</arg>
<kw name="Push Buttons" library="CalculatorLibrary">
<arg>C${expression}=</arg>
<doc>Pushes the specified ``buttons``.</doc>
<status status="PASS" starttime="20230117 09:44:23.951" endtime="20230117 09:44:23.951"/>
</kw>
<kw name="Result Should Be" library="CalculatorLibrary">
<arg>${expected}</arg>
<doc>Verifies that the current result is ``expected``.</doc>
<status status="PASS" starttime="20230117 09:44:23.952" endtime="20230117 09:44:23.952"/>
</kw>
<status status="PASS" starttime="20230117 09:44:23.951" endtime="20230117 09:44:23.952"/>
</kw>
<status status="PASS" starttime="20230117 09:44:23.949" endtime="20230117 09:44:23.952"/>
</test>
<test id="s1-s1-t5" name="Failing" line="29">
<kw name="Calculate">
<arg>1 + 1</arg>
<arg>3</arg>
<kw name="Push Buttons" library="CalculatorLibrary">
<arg>C${expression}=</arg>
<doc>Pushes the specified ``buttons``.</doc>
<status status="PASS" starttime="20230117 09:44:23.953" endtime="20230117 09:44:23.954"/>
</kw>
<kw name="Result Should Be" library="CalculatorLibrary">
<arg>${expected}</arg>
<doc>Verifies that the current result is ``expected``.</doc>
<msg timestamp="20230117 09:44:23.954" level="FAIL">2 != 3</msg>
<status status="FAIL" starttime="20230117 09:44:23.954" endtime="20230117 09:44:23.955"/>
</kw>
<status status="FAIL" starttime="20230117 09:44:23.953" endtime="20230117 09:44:23.955"/>
</kw>
<status status="FAIL" starttime="20230117 09:44:23.952" endtime="20230117 09:44:23.956">2 != 3</status>
</test>
<test id="s1-s1-t6" name="Calculation error" line="31">
<kw name="Calculation should fail">
<arg>kekkonen</arg>
<arg>Invalid button 'k'.</arg>
<kw name="Should Cause Error" library="CalculatorLibrary">
<var>${error}</var>
<arg>C${expression}=</arg>
<doc>Verifies that calculating the given ``expression`` causes an error.</doc>
<msg timestamp="20230117 09:44:23.959" level="INFO">${error} = Invalid button 'k'.</msg>
<status status="PASS" starttime="20230117 09:44:23.959" endtime="20230117 09:44:23.959"/>
</kw>
<kw name="Should Be Equal" library="BuiltIn">
<arg>${expected}</arg>
<arg>${error}</arg>
<doc>Fails if the given objects are unequal.</doc>
<status status="PASS" starttime="20230117 09:44:23.960" endtime="20230117 09:44:23.960"/>
</kw>
<status status="PASS" starttime="20230117 09:44:23.958" endtime="20230117 09:44:23.960"/>
</kw>
<kw name="Calculation should fail">
<arg>${EMPTY}</arg>
<arg>Invalid expression.</arg>
<kw name="Should Cause Error" library="CalculatorLibrary">
<var>${error}</var>
<arg>C${expression}=</arg>
<doc>Verifies that calculating the given ``expression`` causes an error.</doc>
<msg timestamp="20230117 09:44:23.962" level="INFO">${error} = Invalid expression.</msg>
<status status="PASS" starttime="20230117 09:44:23.962" endtime="20230117 09:44:23.962"/>
</kw>
<kw name="Should Be Equal" library="BuiltIn">
<arg>${expected}</arg>
<arg>${error}</arg>
<doc>Fails if the given objects are unequal.</doc>
<status status="PASS" starttime="20230117 09:44:23.962" endtime="20230117 09:44:23.963"/>
</kw>
<status status="PASS" starttime="20230117 09:44:23.960" endtime="20230117 09:44:23.963"/>
</kw>
<kw name="Calculation should fail">
<arg>1 / 0</arg>
<arg>Division by zero.</arg>
<kw name="Should Cause Error" library="CalculatorLibrary">
<var>${error}</var>
<arg>C${expression}=</arg>
<doc>Verifies that calculating the given ``expression`` causes an error.</doc>
<msg timestamp="20230117 09:44:23.964" level="INFO">${error} = Division by zero.</msg>
<status status="PASS" starttime="20230117 09:44:23.964" endtime="20230117 09:44:23.964"/>
</kw>
<kw name="Should Be Equal" library="BuiltIn">
<arg>${expected}</arg>
<arg>${error}</arg>
<doc>Fails if the given objects are unequal.</doc>
<status status="PASS" starttime="20230117 09:44:23.964" endtime="20230117 09:44:23.964"/>
</kw>
<status status="PASS" starttime="20230117 09:44:23.963" endtime="20230117 09:44:23.965"/>
</kw>
<status status="PASS" starttime="20230117 09:44:23.957" endtime="20230117 09:44:23.965"/>
</test>
<doc>Example test cases using the data-driven testing approach.

The _data-driven_ style works well when you need to repeat
the same workflow multiple times.

Tests use ``Calculate`` keyword created in this file, that in
turn uses keywords in ``CalculatorLibrary.py``. An exception
is the last test that has a custom _template keyword_.

Notice that one of these tests fails on purpose to show how
failures look like.</doc>
<status status="FAIL" starttime="20230117 09:44:23.938" endtime="20230117 09:44:23.965"/>
</suite>
<suite id="s1-s2" name="Keyword Driven" source="/home/bhanu/Documents/Hackathon-Project/git-jenkins-xray/keyword_driven.robot">
<test id="s1-s2-t1" name="Push button" line="16">
<kw name="Push Button" library="CalculatorLibrary">
<arg>1</arg>
<doc>Pushes the specified ``button``.</doc>
<status status="PASS" starttime="20230117 09:44:23.974" endtime="20230117 09:44:23.975"/>
</kw>
<kw name="Result Should Be" library="CalculatorLibrary">
<arg>1</arg>
<doc>Verifies that the current result is ``expected``.</doc>
<status status="PASS" starttime="20230117 09:44:23.975" endtime="20230117 09:44:23.975"/>
</kw>
<status status="PASS" starttime="20230117 09:44:23.973" endtime="20230117 09:44:23.976"/>
</test>
<test id="s1-s2-t2" name="Push multiple buttons" line="20">
<kw name="Push Button" library="CalculatorLibrary">
<arg>1</arg>
<doc>Pushes the specified ``button``.</doc>
<status status="PASS" starttime="20230117 09:44:23.977" endtime="20230117 09:44:23.977"/>
</kw>
<kw name="Push Button" library="CalculatorLibrary">
<arg>2</arg>
<doc>Pushes the specified ``button``.</doc>
<status status="PASS" starttime="20230117 09:44:23.978" endtime="20230117 09:44:23.978"/>
</kw>
<kw name="Result Should Be" library="CalculatorLibrary">
<arg>12</arg>
<doc>Verifies that the current result is ``expected``.</doc>
<status status="PASS" starttime="20230117 09:44:23.978" endtime="20230117 09:44:23.979"/>
</kw>
<status status="PASS" starttime="20230117 09:44:23.976" endtime="20230117 09:44:23.979"/>
</test>
<test id="s1-s2-t3" name="Simple calculation" line="25">
<kw name="Push Button" library="CalculatorLibrary">
<arg>1</arg>
<doc>Pushes the specified ``button``.</doc>
<status status="PASS" starttime="20230117 09:44:23.980" endtime="20230117 09:44:23.981"/>
</kw>
<kw name="Push Button" library="CalculatorLibrary">
<arg>+</arg>
<doc>Pushes the specified ``button``.</doc>
<status status="PASS" starttime="20230117 09:44:23.981" endtime="20230117 09:44:23.981"/>
</kw>
<kw name="Push Button" library="CalculatorLibrary">
<arg>2</arg>
<doc>Pushes the specified ``button``.</doc>
<status status="PASS" starttime="20230117 09:44:23.981" endtime="20230117 09:44:23.981"/>
</kw>
<kw name="Push Button" library="CalculatorLibrary">
<arg>=</arg>
<doc>Pushes the specified ``button``.</doc>
<status status="PASS" starttime="20230117 09:44:23.982" endtime="20230117 09:44:23.982"/>
</kw>
<kw name="Result Should Be" library="CalculatorLibrary">
<arg>3</arg>
<doc>Verifies that the current result is ``expected``.</doc>
<status status="PASS" starttime="20230117 09:44:23.982" endtime="20230117 09:44:23.982"/>
</kw>
<status status="PASS" starttime="20230117 09:44:23.980" endtime="20230117 09:44:23.982"/>
</test>
<test id="s1-s2-t4" name="Longer calculation" line="32">
<kw name="Push Buttons" library="CalculatorLibrary">
<arg>5 + 4 - 3 * 2 / 1 =</arg>
<doc>Pushes the specified ``buttons``.</doc>
<status status="PASS" starttime="20230117 09:44:23.983" endtime="20230117 09:44:23.984"/>
</kw>
<kw name="Result Should Be" library="CalculatorLibrary">
<arg>3</arg>
<doc>Verifies that the current result is ``expected``.</doc>
<status status="PASS" starttime="20230117 09:44:23.984" endtime="20230117 09:44:23.984"/>
</kw>
<status status="PASS" starttime="20230117 09:44:23.983" endtime="20230117 09:44:23.984"/>
</test>
<test id="s1-s2-t5" name="Clear" line="36">
<kw name="Push Button" library="CalculatorLibrary">
<arg>1</arg>
<doc>Pushes the specified ``button``.</doc>
<status status="PASS" starttime="20230117 09:44:23.985" endtime="20230117 09:44:23.985"/>
</kw>
<kw name="Push Button" library="CalculatorLibrary">
<arg>C</arg>
<doc>Pushes the specified ``button``.</doc>
<status status="PASS" starttime="20230117 09:44:23.985" endtime="20230117 09:44:23.985"/>
</kw>
<kw name="Result Should Be" library="CalculatorLibrary">
<arg>${EMPTY}</arg>
<doc>Verifies that the current result is ``expected``.</doc>
<status status="PASS" starttime="20230117 09:44:23.986" endtime="20230117 09:44:23.989"/>
</kw>
<status status="PASS" starttime="20230117 09:44:23.984" endtime="20230117 09:44:23.989"/>
</test>
<doc>Example test cases using the keyword-driven testing approach.

All tests contain a workflow constructed from keywords in
``CalculatorLibrary.py``. Creating new tests or editing
existing is easy even for people without programming skills.

The _keyword-driven_ appoach works well for normal test
automation, but the _gherkin_ style might be even better
if also business people need to understand tests. If the
same workflow needs to repeated multiple times, it is best
to use to the _data-driven_ approach.</doc>
<status status="PASS" starttime="20230117 09:44:23.967" endtime="20230117 09:44:23.989"/>
</suite>
<status status="FAIL" starttime="20230117 09:44:23.918" endtime="20230117 09:44:23.990"/>
</suite>
<statistics>
<total>
<stat pass="10" fail="1" skip="0">All Tests</stat>
</total>
<tag>
</tag>
<suite>
<stat pass="10" fail="1" skip="0" id="s1" name="Data Driven &amp; Keyword Driven">Data Driven &amp; Keyword Driven</stat>
<stat pass="5" fail="1" skip="0" id="s1-s1" name="Data Driven">Data Driven &amp; Keyword Driven.Data Driven</stat>
<stat pass="5" fail="0" skip="0" id="s1-s2" name="Keyword Driven">Data Driven &amp; Keyword Driven.Keyword Driven</stat>
</suite>
</statistics>
<errors>
</errors>
</robot>
